Started by user unknown or anonymous
[Pipeline] Start of Pipeline
[Pipeline] node
Running on Jenkins in /var/jenkins_home/workspace/heart-mlops
[Pipeline] {
[Pipeline] withEnv
[Pipeline] {
[Pipeline] timeout
Timeout set to expire in 30 min
[Pipeline] {
[Pipeline] stage
[Pipeline] { (Source)
[Pipeline] deleteDir
[Pipeline] sh
+ cp -R /submission/. .
+ mkdir -p evidence
+ python3 -m venv .venv
[Pipeline] }
[Pipeline] // stage
[Pipeline] stage
[Pipeline] { (Install and lint)
[Pipeline] sh
+ .venv/bin/pip install -r requirements.txt -e .
Obtaining file:///var/jenkins_home/workspace/heart-mlops
  Installing build dependencies: started
  Installing build dependencies: finished with status 'done'
  Checking if build backend supports build_editable: started
  Checking if build backend supports build_editable: finished with status 'done'
  Getting requirements to build editable: started
  Getting requirements to build editable: finished with status 'done'
  Preparing editable metadata (pyproject.toml): started
  Preparing editable metadata (pyproject.toml): finished with status 'done'
Collecting numpy==2.2.6 (from -r requirements.txt (line 1))
  Using cached numpy-2.2.6-cp313-cp313-manylinux_2_17_aarch64.manylinux2014_aarch64.whl.metadata (63 kB)
Collecting pandas==2.2.3 (from -r requirements.txt (line 2))
  Using cached pandas-2.2.3-cp313-cp313-manylinux2014_aarch64.manylinux_2_17_aarch64.whl.metadata (89 kB)
Collecting scikit-learn==1.6.1 (from -r requirements.txt (line 3))
  Using cached scikit_learn-1.6.1-cp313-cp313-manylinux_2_17_aarch64.manylinux2014_aarch64.whl.metadata (18 kB)
Collecting matplotlib==3.10.3 (from -r requirements.txt (line 4))
  Using cached matplotlib-3.10.3-cp313-cp313-manylinux_2_17_aarch64.manylinux2014_aarch64.whl.metadata (11 kB)
Collecting seaborn==0.13.2 (from -r requirements.txt (line 5))
  Using cached seaborn-0.13.2-py3-none-any.whl.metadata (5.4 kB)
Collecting mlflow==2.22.0 (from -r requirements.txt (line 6))
  Using cached mlflow-2.22.0-py3-none-any.whl.metadata (30 kB)
Collecting fastapi==0.115.12 (from -r requirements.txt (line 7))
  Using cached fastapi-0.115.12-py3-none-any.whl.metadata (27 kB)
Collecting uvicorn==0.34.2 (from -r requirements.txt (line 8))
  Using cached uvicorn-0.34.2-py3-none-any.whl.metadata (6.5 kB)
Collecting prometheus-client==0.22.0 (from -r requirements.txt (line 9))
  Using cached prometheus_client-0.22.0-py3-none-any.whl.metadata (14 kB)
Collecting pytest==8.3.5 (from -r requirements.txt (line 10))
  Using cached pytest-8.3.5-py3-none-any.whl.metadata (7.6 kB)
Collecting httpx==0.28.1 (from -r requirements.txt (line 11))
  Using cached httpx-0.28.1-py3-none-any.whl.metadata (7.1 kB)
Collecting ruff==0.11.10 (from -r requirements.txt (line 12))
  Using cached ruff-0.11.10-py3-none-manylinux_2_17_aarch64.manylinux2014_aarch64.whl.metadata (25 kB)
Collecting joblib==1.5.1 (from -r requirements.txt (line 13))
  Using cached joblib-1.5.1-py3-none-any.whl.metadata (5.6 kB)
Collecting pydantic==2.11.4 (from -r requirements.txt (line 14))
  Using cached pydantic-2.11.4-py3-none-any.whl.metadata (66 kB)
Collecting scipy==1.15.3 (from -r requirements.txt (line 15))
  Using cached scipy-1.15.3-cp313-cp313-manylinux_2_17_aarch64.manylinux2014_aarch64.whl.metadata (61 kB)
Collecting python-dateutil>=2.8.2 (from pandas==2.2.3->-r requirements.txt (line 2))
  Using cached python_dateutil-2.9.0.post0-py2.py3-none-any.whl.metadata (8.4 kB)
Collecting pytz>=2020.1 (from pandas==2.2.3->-r requirements.txt (line 2))
  Using cached pytz-2026.4-py2.py3-none-any.whl.metadata (22 kB)
Collecting tzdata>=2022.7 (from pandas==2.2.3->-r requirements.txt (line 2))
  Using cached tzdata-2026.4-py2.py3-none-any.whl.metadata (1.4 kB)
Collecting threadpoolctl>=3.1.0 (from scikit-learn==1.6.1->-r requirements.txt (line 3))
  Using cached threadpoolctl-3.7.0-py3-none-any.whl.metadata (24 kB)
Collecting contourpy>=1.0.1 (from matplotlib==3.10.3->-r requirements.txt (line 4))
  Using cached contourpy-1.4.0-cp313-cp313-manylinux_2_26_aarch64.manylinux_2_28_aarch64.whl.metadata (3.8 kB)
Collecting cycler>=0.10 (from matplotlib==3.10.3->-r requirements.txt (line 4))
  Using cached cycler-0.12.1-py3-none-any.whl.metadata (3.8 kB)
Collecting fonttools>=4.22.0 (from matplotlib==3.10.3->-r requirements.txt (line 4))
  Using cached fonttools-4.66.1-cp313-cp313-manylinux2014_aarch64.manylinux_2_17_aarch64.manylinux_2_28_aarch64.whl.metadata (130 kB)
Collecting kiwisolver>=1.3.1 (from matplotlib==3.10.3->-r requirements.txt (line 4))
  Using cached kiwisolver-1.5.1-cp313-cp313-manylinux_2_24_aarch64.manylinux_2_28_aarch64.whl.metadata (5.2 kB)
Collecting packaging>=20.0 (from matplotlib==3.10.3->-r requirements.txt (line 4))
  Using cached packaging-26.3-py3-none-any.whl.metadata (3.5 kB)
Collecting pillow>=8 (from matplotlib==3.10.3->-r requirements.txt (line 4))
  Using cached pillow-12.3.0-cp313-cp313-manylinux_2_27_aarch64.manylinux_2_28_aarch64.whl.metadata (9.1 kB)
Collecting pyparsing>=2.3.1 (from matplotlib==3.10.3->-r requirements.txt (line 4))
  Using cached pyparsing-3.3.3-py3-none-any.whl.metadata (5.9 kB)
Collecting mlflow-skinny==2.22.0 (from mlflow==2.22.0->-r requirements.txt (line 6))
  Using cached mlflow_skinny-2.22.0-py3-none-any.whl.metadata (31 kB)
Collecting Flask<4 (from mlflow==2.22.0->-r requirements.txt (line 6))
  Using cached flask-3.1.3-py3-none-any.whl.metadata (3.2 kB)
Collecting Jinja2<4,>=2.11 (from mlflow==2.22.0->-r requirements.txt (line 6))
  Using cached jinja2-3.1.6-py3-none-any.whl.metadata (2.9 kB)
Collecting alembic!=1.10.0,<2 (from mlflow==2.22.0->-r requirements.txt (line 6))
  Using cached alembic-1.20.0-py3-none-any.whl.metadata (7.3 kB)
Collecting docker<8,>=4.0.0 (from mlflow==2.22.0->-r requirements.txt (line 6))
  Using cached docker-7.2.0-py3-none-any.whl.metadata (3.8 kB)
Collecting graphene<4 (from mlflow==2.22.0->-r requirements.txt (line 6))
  Using cached graphene-3.4.3-py2.py3-none-any.whl.metadata (6.9 kB)
Collecting gunicorn<24 (from mlflow==2.22.0->-r requirements.txt (line 6))
  Using cached gunicorn-23.0.0-py3-none-any.whl.metadata (4.4 kB)
Collecting markdown<4,>=3.3 (from mlflow==2.22.0->-r requirements.txt (line 6))
  Using cached markdown-3.11-py3-none-any.whl.metadata (5.1 kB)
Collecting pyarrow<20,>=4.0.0 (from mlflow==2.22.0->-r requirements.txt (line 6))
  Using cached pyarrow-19.0.1-cp313-cp313-manylinux_2_28_aarch64.whl.metadata (3.3 kB)
Collecting sqlalchemy<3,>=1.4.0 (from mlflow==2.22.0->-r requirements.txt (line 6))
  Using cached sqlalchemy-2.1.1-cp313-cp313-manylinux2014_aarch64.manylinux_2_17_aarch64.manylinux_2_28_aarch64.whl.metadata (9.7 kB)
Collecting starlette<0.47.0,>=0.40.0 (from fastapi==0.115.12->-r requirements.txt (line 7))
  Using cached starlette-0.46.2-py3-none-any.whl.metadata (6.2 kB)
Collecting typing-extensions>=4.8.0 (from fastapi==0.115.12->-r requirements.txt (line 7))
  Using cached typing_extensions-4.16.0-py3-none-any.whl.metadata (3.3 kB)
Collecting annotated-types>=0.6.0 (from pydantic==2.11.4->-r requirements.txt (line 14))
  Using cached annotated_types-0.8.0-py3-none-any.whl.metadata (15 kB)
Collecting pydantic-core==2.33.2 (from pydantic==2.11.4->-r requirements.txt (line 14))
  Using cached pydantic_core-2.33.2-cp313-cp313-manylinux_2_17_aarch64.manylinux2014_aarch64.whl.metadata (6.8 kB)
Collecting typing-inspection>=0.4.0 (from pydantic==2.11.4->-r requirements.txt (line 14))
  Using cached typing_inspection-0.4.4-py3-none-any.whl.metadata (2.6 kB)
Collecting click>=7.0 (from uvicorn==0.34.2->-r requirements.txt (line 8))
  Using cached click-8.5.0-py3-none-any.whl.metadata (2.6 kB)
Collecting h11>=0.8 (from uvicorn==0.34.2->-r requirements.txt (line 8))
  Using cached h11-0.16.0-py3-none-any.whl.metadata (8.3 kB)
Collecting iniconfig (from pytest==8.3.5->-r requirements.txt (line 10))
  Using cached iniconfig-2.3.0-py3-none-any.whl.metadata (2.5 kB)
Collecting pluggy<2,>=1.5 (from pytest==8.3.5->-r requirements.txt (line 10))
  Using cached pluggy-1.6.0-py3-none-any.whl.metadata (4.8 kB)
Collecting anyio (from httpx==0.28.1->-r requirements.txt (line 11))
  Using cached anyio-4.15.1-py3-none-any.whl.metadata (4.7 kB)
Collecting certifi (from httpx==0.28.1->-r requirements.txt (line 11))
  Using cached certifi-2026.7.22-py3-none-any.whl.metadata (2.5 kB)
Collecting httpcore==1.* (from httpx==0.28.1->-r requirements.txt (line 11))
  Using cached httpcore-1.0.9-py3-none-any.whl.metadata (21 kB)
Collecting idna (from httpx==0.28.1->-r requirements.txt (line 11))
  Using cached idna-3.20-py3-none-any.whl.metadata (7.2 kB)
Collecting cachetools<6,>=5.0.0 (from mlflow-skinny==2.22.0->mlflow==2.22.0->-r requirements.txt (line 6))
  Using cached cachetools-5.5.2-py3-none-any.whl.metadata (5.4 kB)
Collecting cloudpickle<4 (from mlflow-skinny==2.22.0->mlflow==2.22.0->-r requirements.txt (line 6))
  Using cached cloudpickle-3.1.2-py3-none-any.whl.metadata (7.1 kB)
Collecting databricks-sdk<1,>=0.20.0 (from mlflow-skinny==2.22.0->mlflow==2.22.0->-r requirements.txt (line 6))
  Using cached databricks_sdk-0.145.0-py3-none-any.whl.metadata (44 kB)
Collecting gitpython<4,>=3.1.9 (from mlflow-skinny==2.22.0->mlflow==2.22.0->-r requirements.txt (line 6))
  Using cached gitpython-3.2.0-py3-none-any.whl.metadata (13 kB)
Collecting importlib_metadata!=4.7.0,<9,>=3.7.0 (from mlflow-skinny==2.22.0->mlflow==2.22.0->-r requirements.txt (line 6))
  Using cached importlib_metadata-8.9.0-py3-none-any.whl.metadata (4.5 kB)
Collecting opentelemetry-api<3,>=1.9.0 (from mlflow-skinny==2.22.0->mlflow==2.22.0->-r requirements.txt (line 6))
  Using cached opentelemetry_api-1.45.0-py3-none-any.whl.metadata (1.4 kB)
Collecting opentelemetry-sdk<3,>=1.9.0 (from mlflow-skinny==2.22.0->mlflow==2.22.0->-r requirements.txt (line 6))
  Using cached opentelemetry_sdk-1.45.0-py3-none-any.whl.metadata (1.6 kB)
Collecting packaging>=20.0 (from matplotlib==3.10.3->-r requirements.txt (line 4))
  Using cached packaging-24.2-py3-none-any.whl.metadata (3.2 kB)
Collecting protobuf<7,>=3.12.0 (from mlflow-skinny==2.22.0->mlflow==2.22.0->-r requirements.txt (line 6))
  Using cached protobuf-6.33.6-cp39-abi3-manylinux2014_aarch64.whl.metadata (593 bytes)
Collecting pyyaml<7,>=5.1 (from mlflow-skinny==2.22.0->mlflow==2.22.0->-r requirements.txt (line 6))
  Using cached pyyaml-6.0.3-cp313-cp313-manylinux2014_aarch64.manylinux_2_17_aarch64.manylinux_2_28_aarch64.whl.metadata (2.4 kB)
Collecting requests<3,>=2.17.3 (from mlflow-skinny==2.22.0->mlflow==2.22.0->-r requirements.txt (line 6))
  Using cached requests-2.34.2-py3-none-any.whl.metadata (4.8 kB)
Collecting sqlparse<1,>=0.4.0 (from mlflow-skinny==2.22.0->mlflow==2.22.0->-r requirements.txt (line 6))
  Using cached sqlparse-0.6.0-py3-none-any.whl.metadata (6.0 kB)
Collecting Mako (from alembic!=1.10.0,<2->mlflow==2.22.0->-r requirements.txt (line 6))
  Using cached mako-1.4.3-py3-none-any.whl.metadata (2.9 kB)
Collecting google-auth~=2.0 (from databricks-sdk<1,>=0.20.0->mlflow-skinny==2.22.0->mlflow==2.22.0->-r requirements.txt (line 6))
  Using cached google_auth-2.59.1-py3-none-any.whl.metadata (6.0 kB)
Collecting urllib3<3,>=1.26 (from databricks-sdk<1,>=0.20.0->mlflow-skinny==2.22.0->mlflow==2.22.0->-r requirements.txt (line 6))
  Using cached urllib3-2.8.0-py3-none-any.whl.metadata (7.4 kB)
Collecting blinker>=1.9.0 (from Flask<4->mlflow==2.22.0->-r requirements.txt (line 6))
  Using cached blinker-1.9.0-py3-none-any.whl.metadata (1.6 kB)
Collecting itsdangerous>=2.2.0 (from Flask<4->mlflow==2.22.0->-r requirements.txt (line 6))
  Using cached itsdangerous-2.2.0-py3-none-any.whl.metadata (1.9 kB)
Collecting markupsafe>=2.1.1 (from Flask<4->mlflow==2.22.0->-r requirements.txt (line 6))
  Using cached markupsafe-3.0.3-cp313-cp313-manylinux2014_aarch64.manylinux_2_17_aarch64.manylinux_2_28_aarch64.whl.metadata (2.7 kB)
Collecting werkzeug>=3.1.0 (from Flask<4->mlflow==2.22.0->-r requirements.txt (line 6))
  Using cached werkzeug-3.1.9-py3-none-any.whl.metadata (4.1 kB)
Collecting gitdb<5,>=4.0.1 (from gitpython<4,>=3.1.9->mlflow-skinny==2.22.0->mlflow==2.22.0->-r requirements.txt (line 6))
  Using cached gitdb-4.0.12-py3-none-any.whl.metadata (1.2 kB)
Collecting smmap<6,>=3.0.1 (from gitdb<5,>=4.0.1->gitpython<4,>=3.1.9->mlflow-skinny==2.22.0->mlflow==2.22.0->-r requirements.txt (line 6))
  Using cached smmap-5.0.3-py3-none-any.whl.metadata (4.6 kB)
Collecting pyasn1-modules>=0.2.1 (from google-auth~=2.0->databricks-sdk<1,>=0.20.0->mlflow-skinny==2.22.0->mlflow==2.22.0->-r requirements.txt (line 6))
  Using cached pyasn1_modules-0.4.2-py3-none-any.whl.metadata (3.5 kB)
Collecting cryptography>=38.0.3 (from google-auth~=2.0->databricks-sdk<1,>=0.20.0->mlflow-skinny==2.22.0->mlflow==2.22.0->-r requirements.txt (line 6))
  Using cached cryptography-50.0.2-cp311-abi3-manylinux_2_34_aarch64.whl.metadata (4.4 kB)
Collecting graphql-core<3.3,>=3.1 (from graphene<4->mlflow==2.22.0->-r requirements.txt (line 6))
  Using cached graphql_core-3.2.13-py3-none-any.whl.metadata (11 kB)
Collecting graphql-relay<3.3,>=3.1 (from graphene<4->mlflow==2.22.0->-r requirements.txt (line 6))
  Using cached graphql_relay-3.2.0-py3-none-any.whl.metadata (12 kB)
Collecting zipp>=3.20 (from importlib_metadata!=4.7.0,<9,>=3.7.0->mlflow-skinny==2.22.0->mlflow==2.22.0->-r requirements.txt (line 6))
  Using cached zipp-4.1.0-py3-none-any.whl.metadata (3.6 kB)
Collecting opentelemetry-semantic-conventions==0.66b0 (from opentelemetry-sdk<3,>=1.9.0->mlflow-skinny==2.22.0->mlflow==2.22.0->-r requirements.txt (line 6))
  Using cached opentelemetry_semantic_conventions-0.66b0-py3-none-any.whl.metadata (2.4 kB)
Collecting six>=1.5 (from python-dateutil>=2.8.2->pandas==2.2.3->-r requirements.txt (line 2))
  Using cached six-1.17.0-py2.py3-none-any.whl.metadata (1.7 kB)
Collecting charset_normalizer<4,>=2 (from requests<3,>=2.17.3->mlflow-skinny==2.22.0->mlflow==2.22.0->-r requirements.txt (line 6))
  Using cached charset_normalizer-3.5.2-cp313-cp313-manylinux2014_aarch64.manylinux_2_17_aarch64.manylinux_2_28_aarch64.whl.metadata (46 kB)
Collecting cffi>=2.0.0 (from cryptography>=38.0.3->google-auth~=2.0->databricks-sdk<1,>=0.20.0->mlflow-skinny==2.22.0->mlflow==2.22.0->-r requirements.txt (line 6))
  Using cached cffi-2.1.1-cp313-cp313-manylinux2014_aarch64.manylinux_2_17_aarch64.whl.metadata (2.5 kB)
Collecting pycparser (from cffi>=2.0.0->cryptography>=38.0.3->google-auth~=2.0->databricks-sdk<1,>=0.20.0->mlflow-skinny==2.22.0->mlflow==2.22.0->-r requirements.txt (line 6))
  Using cached pycparser-3.0-py3-none-any.whl.metadata (8.2 kB)
Collecting pyasn1<0.7.0,>=0.6.1 (from pyasn1-modules>=0.2.1->google-auth~=2.0->databricks-sdk<1,>=0.20.0->mlflow-skinny==2.22.0->mlflow==2.22.0->-r requirements.txt (line 6))
  Using cached pyasn1-0.6.4-py3-none-any.whl.metadata (8.4 kB)
Using cached numpy-2.2.6-cp313-cp313-manylinux_2_17_aarch64.manylinux2014_aarch64.whl (14.0 MB)
Using cached pandas-2.2.3-cp313-cp313-manylinux2014_aarch64.manylinux_2_17_aarch64.whl (15.2 MB)
Using cached scikit_learn-1.6.1-cp313-cp313-manylinux_2_17_aarch64.manylinux2014_aarch64.whl (12.2 MB)
Using cached matplotlib-3.10.3-cp313-cp313-manylinux_2_17_aarch64.manylinux2014_aarch64.whl (8.5 MB)
Using cached seaborn-0.13.2-py3-none-any.whl (294 kB)
Using cached mlflow-2.22.0-py3-none-any.whl (29.0 MB)
Using cached scipy-1.15.3-cp313-cp313-manylinux_2_17_aarch64.manylinux2014_aarch64.whl (35.2 MB)
Using cached fastapi-0.115.12-py3-none-any.whl (95 kB)
Using cached pydantic-2.11.4-py3-none-any.whl (443 kB)
Using cached uvicorn-0.34.2-py3-none-any.whl (62 kB)
Using cached prometheus_client-0.22.0-py3-none-any.whl (62 kB)
Using cached pytest-8.3.5-py3-none-any.whl (343 kB)
Using cached httpx-0.28.1-py3-none-any.whl (73 kB)
Using cached ruff-0.11.10-py3-none-manylinux_2_17_aarch64.manylinux2014_aarch64.whl (10.6 MB)
Using cached joblib-1.5.1-py3-none-any.whl (307 kB)
Using cached mlflow_skinny-2.22.0-py3-none-any.whl (6.3 MB)
Using cached pydantic_core-2.33.2-cp313-cp313-manylinux_2_17_aarch64.manylinux2014_aarch64.whl (1.9 MB)
Using cached alembic-1.20.0-py3-none-any.whl (268 kB)
Using cached cachetools-5.5.2-py3-none-any.whl (10 kB)
Using cached click-8.5.0-py3-none-any.whl (125 kB)
Using cached cloudpickle-3.1.2-py3-none-any.whl (22 kB)
Using cached databricks_sdk-0.145.0-py3-none-any.whl (1.1 MB)
Using cached docker-7.2.0-py3-none-any.whl (148 kB)
Using cached flask-3.1.3-py3-none-any.whl (103 kB)
Using cached gitpython-3.2.0-py3-none-any.whl (228 kB)
Using cached gitdb-4.0.12-py3-none-any.whl (62 kB)
Using cached google_auth-2.59.1-py3-none-any.whl (263 kB)
Using cached graphene-3.4.3-py2.py3-none-any.whl (114 kB)
Using cached graphql_core-3.2.13-py3-none-any.whl (268 kB)
Using cached graphql_relay-3.2.0-py3-none-any.whl (16 kB)
Using cached gunicorn-23.0.0-py3-none-any.whl (85 kB)
Using cached httpcore-1.0.9-py3-none-any.whl (78 kB)
Using cached importlib_metadata-8.9.0-py3-none-any.whl (27 kB)
Using cached jinja2-3.1.6-py3-none-any.whl (134 kB)
Using cached markdown-3.11-py3-none-any.whl (111 kB)
Using cached opentelemetry_api-1.45.0-py3-none-any.whl (60 kB)
Using cached opentelemetry_sdk-1.45.0-py3-none-any.whl (140 kB)
Using cached opentelemetry_semantic_conventions-0.66b0-py3-none-any.whl (206 kB)
Using cached packaging-24.2-py3-none-any.whl (65 kB)
Using cached pluggy-1.6.0-py3-none-any.whl (20 kB)
Using cached protobuf-6.33.6-cp39-abi3-manylinux2014_aarch64.whl (324 kB)
Using cached pyarrow-19.0.1-cp313-cp313-manylinux_2_28_aarch64.whl (40.5 MB)
Using cached python_dateutil-2.9.0.post0-py2.py3-none-any.whl (229 kB)
Using cached pyyaml-6.0.3-cp313-cp313-manylinux2014_aarch64.manylinux_2_17_aarch64.manylinux_2_28_aarch64.whl (767 kB)
Using cached requests-2.34.2-py3-none-any.whl (73 kB)
Using cached charset_normalizer-3.5.2-cp313-cp313-manylinux2014_aarch64.manylinux_2_17_aarch64.manylinux_2_28_aarch64.whl (244 kB)
Using cached idna-3.20-py3-none-any.whl (69 kB)
Using cached smmap-5.0.3-py3-none-any.whl (24 kB)
Using cached sqlalchemy-2.1.1-cp313-cp313-manylinux2014_aarch64.manylinux_2_17_aarch64.manylinux_2_28_aarch64.whl (4.6 MB)
Using cached sqlparse-0.6.0-py3-none-any.whl (50 kB)
Using cached starlette-0.46.2-py3-none-any.whl (72 kB)
Using cached anyio-4.15.1-py3-none-any.whl (132 kB)
Using cached typing_extensions-4.16.0-py3-none-any.whl (45 kB)
Using cached urllib3-2.8.0-py3-none-any.whl (135 kB)
Using cached annotated_types-0.8.0-py3-none-any.whl (13 kB)
Using cached blinker-1.9.0-py3-none-any.whl (8.5 kB)
Using cached certifi-2026.7.22-py3-none-any.whl (136 kB)
Using cached contourpy-1.4.0-cp313-cp313-manylinux_2_26_aarch64.manylinux_2_28_aarch64.whl (356 kB)
Using cached cryptography-50.0.2-cp311-abi3-manylinux_2_34_aarch64.whl (4.7 MB)
Using cached cffi-2.1.1-cp313-cp313-manylinux2014_aarch64.manylinux_2_17_aarch64.whl (222 kB)
Using cached cycler-0.12.1-py3-none-any.whl (8.3 kB)
Using cached fonttools-4.66.1-cp313-cp313-manylinux2014_aarch64.manylinux_2_17_aarch64.manylinux_2_28_aarch64.whl (5.4 MB)
Using cached h11-0.16.0-py3-none-any.whl (37 kB)
Using cached itsdangerous-2.2.0-py3-none-any.whl (16 kB)
Using cached kiwisolver-1.5.1-cp313-cp313-manylinux_2_24_aarch64.manylinux_2_28_aarch64.whl (1.3 MB)
Using cached markupsafe-3.0.3-cp313-cp313-manylinux2014_aarch64.manylinux_2_17_aarch64.manylinux_2_28_aarch64.whl (24 kB)
Using cached pillow-12.3.0-cp313-cp313-manylinux_2_27_aarch64.manylinux_2_28_aarch64.whl (6.3 MB)
Using cached pyasn1_modules-0.4.2-py3-none-any.whl (181 kB)
Using cached pyasn1-0.6.4-py3-none-any.whl (84 kB)
Using cached pyparsing-3.3.3-py3-none-any.whl (126 kB)
Using cached pytz-2026.4-py2.py3-none-any.whl (506 kB)
Using cached six-1.17.0-py2.py3-none-any.whl (11 kB)
Using cached threadpoolctl-3.7.0-py3-none-any.whl (26 kB)
Using cached typing_inspection-0.4.4-py3-none-any.whl (14 kB)
Using cached tzdata-2026.4-py2.py3-none-any.whl (347 kB)
Using cached werkzeug-3.1.9-py3-none-any.whl (228 kB)
Using cached zipp-4.1.0-py3-none-any.whl (10 kB)
Using cached iniconfig-2.3.0-py3-none-any.whl (7.5 kB)
Using cached mako-1.4.3-py3-none-any.whl (80 kB)
Using cached pycparser-3.0-py3-none-any.whl (48 kB)
Building wheels for collected packages: heart-mlops
  Building editable for heart-mlops (pyproject.toml): started
  Building editable for heart-mlops (pyproject.toml): finished with status 'done'
  Created wheel for heart-mlops: filename=heart_mlops-1.0.0-0.editable-py3-none-any.whl size=1235 sha256=a2c3586758dcce15144e5a43b01d224f8e148d811a0abb72d8996c7b224a625e
  Stored in directory: /tmp/pip-ephem-wheel-cache-0onq8pls/wheels/27/4f/ff/65c2af09c64546b9234d6dab154d9cf5350d58edce3cf57c74
Successfully built heart-mlops
Installing collected packages: pytz, zipp, urllib3, tzdata, typing-extensions, threadpoolctl, sqlparse, smmap, six, ruff, pyyaml, pyparsing, pycparser, pyasn1, pyarrow, protobuf, prometheus-client, pluggy, pillow, packaging, numpy, markupsafe, markdown, kiwisolver, joblib, itsdangerous, iniconfig, idna, heart-mlops, h11, graphql-core, fonttools, cycler, cloudpickle, click, charset_normalizer, certifi, cachetools, blinker, annotated-types, werkzeug, uvicorn, typing-inspection, sqlalchemy, scipy, requests, python-dateutil, pytest, pydantic-core, pyasn1-modules, opentelemetry-api, Mako, Jinja2, importlib_metadata, httpcore, gunicorn, graphql-relay, gitdb, contourpy, cffi, anyio, starlette, scikit-learn, pydantic, pandas, opentelemetry-semantic-conventions, matplotlib, httpx, graphene, gitpython, Flask, docker, cryptography, alembic, seaborn, opentelemetry-sdk, google-auth, fastapi, databricks-sdk, mlflow-skinny, mlflow

Successfully installed Flask-3.1.3 Jinja2-3.1.6 Mako-1.4.3 alembic-1.20.0 annotated-types-0.8.0 anyio-4.15.1 blinker-1.9.0 cachetools-5.5.2 certifi-2026.7.22 cffi-2.1.1 charset_normalizer-3.5.2 click-8.5.0 cloudpickle-3.1.2 contourpy-1.4.0 cryptography-50.0.2 cycler-0.12.1 databricks-sdk-0.145.0 docker-7.2.0 fastapi-0.115.12 fonttools-4.66.1 gitdb-4.0.12 gitpython-3.2.0 google-auth-2.59.1 graphene-3.4.3 graphql-core-3.2.13 graphql-relay-3.2.0 gunicorn-23.0.0 h11-0.16.0 heart-mlops-1.0.0 httpcore-1.0.9 httpx-0.28.1 idna-3.20 importlib_metadata-8.9.0 iniconfig-2.3.0 itsdangerous-2.2.0 joblib-1.5.1 kiwisolver-1.5.1 markdown-3.11 markupsafe-3.0.3 matplotlib-3.10.3 mlflow-2.22.0 mlflow-skinny-2.22.0 numpy-2.2.6 opentelemetry-api-1.45.0 opentelemetry-sdk-1.45.0 opentelemetry-semantic-conventions-0.66b0 packaging-24.2 pandas-2.2.3 pillow-12.3.0 pluggy-1.6.0 prometheus-client-0.22.0 protobuf-6.33.6 pyarrow-19.0.1 pyasn1-0.6.4 pyasn1-modules-0.4.2 pycparser-3.0 pydantic-2.11.4 pydantic-core-2.33.2 pyparsing-3.3.3 pytest-8.3.5 python-dateutil-2.9.0.post0 pytz-2026.4 pyyaml-6.0.3 requests-2.34.2 ruff-0.11.10 scikit-learn-1.6.1 scipy-1.15.3 seaborn-0.13.2 six-1.17.0 smmap-5.0.3 sqlalchemy-2.1.1 sqlparse-0.6.0 starlette-0.46.2 threadpoolctl-3.7.0 typing-extensions-4.16.0 typing-inspection-0.4.4 tzdata-2026.4 urllib3-2.8.0 uvicorn-0.34.2 werkzeug-3.1.9 zipp-4.1.0
+ .venv/bin/ruff check .
All checks passed!
[Pipeline] }
[Pipeline] // stage
[Pipeline] stage
[Pipeline] { (Data and unit tests)
[Pipeline] sh
+ .venv/bin/python -m heart.data
{
  "source": "https://archive.ics.uci.edu/static/public/45/heart+disease.zip",
  "citation": "Janosi et al. (1988), UCI Heart Disease, DOI:10.24432/C52P4X",
  "raw_sha256": "a74b7efa387bc9d108d7d0115d831fe9b414b29ae7124f331b622b4efa0427c8",
  "raw_rows": 303,
  "clean_rows": 303,
  "features": [
    "age",
    "sex",
    "cp",
    "trestbps",
    "chol",
    "fbs",
    "restecg",
    "thalach",
    "exang",
    "oldpeak",
    "slope",
    "ca",
    "thal"
  ],
  "missing": {
    "age": 0,
    "sex": 0,
    "cp": 0,
    "trestbps": 0,
    "chol": 0,
    "fbs": 0,
    "restecg": 0,
    "thalach": 0,
    "exang": 0,
    "oldpeak": 0,
    "slope": 0,
    "ca": 4,
    "thal": 2,
    "target": 0
  },
  "class_counts": {
    "0": 164,
    "1": 139
  },
  "cleaning": "Original categories; num>0; exact duplicates removed; missing retained for fold-local imputation"
}
+ .venv/bin/pytest test/test_data.py test/test_model.py --junitxml=evidence/unit.xml
============================= test session starts ==============================
platform linux -- Python 3.13.5, pytest-8.3.5, pluggy-1.6.0
rootdir: /var/jenkins_home/workspace/heart-mlops
configfile: pyproject.toml
plugins: anyio-4.15.1
collected 16 items

test/test_data.py .............                                          [ 81%]
test/test_model.py ...                                                   [100%]

- generated xml file: /var/jenkins_home/workspace/heart-mlops/evidence/unit.xml -
============================== 16 passed in 0.60s ==============================
[Pipeline] }
[Pipeline] // stage
[Pipeline] stage
[Pipeline] { (EDA and tracked training)
[Pipeline] sh
+ .venv/bin/python -m heart.eda
+ .venv/bin/python -m heart.train
2026/10/01 05:47:38 INFO mlflow.tracking.fluent: Experiment with name 'heart-disease-cleveland' does not exist. Creating a new experiment.
{
  "selected_family": "logistic",
  "selection": "Highest mean outer nested-CV ROC-AUC on training partition",
  "threshold": 0.5,
  "features": [
    "age",
    "sex",
    "cp",
    "trestbps",
    "chol",
    "fbs",
    "restecg",
    "thalach",
    "exang",
    "oldpeak",
    "slope",
    "ca",
    "thal"
  ],
  "seed": 523,
  "train_rows": 242,
  "test_rows": 61,
  "test_metrics": {
    "accuracy": 0.8032786885245902,
    "precision": 0.7666666666666667,
    "recall": 0.8214285714285714,
    "f1": 0.7931034482758621,
    "roc_auc": 0.9231601731601732
  },
  "test_auc_bootstrap_95_ci": [
    0.8472425997425997,
    0.9774208079046789
  ],
  "models": {
    "logistic": {
      "best_params": {
        "classifier__C": 0.1,
        "classifier__class_weight": null
      },
      "nested_cv": {
        "accuracy": {
          "mean": 0.8512755102040817,
          "std": 0.04475851554999829,
          "folds": [
            0.8163265306122449,
            0.8775510204081632,
            0.8958333333333334,
            0.7916666666666666,
            0.875
          ]
        },
        "precision": {
          "mean": 0.8616296296296296,
          "std": 0.09211342682758274,
          "folds": [
            0.76,
            0.8148148148148148,
            1.0,
            0.8333333333333334,
            0.9
          ]
        },
        "recall": {
          "mean": 0.8185770750988143,
          "std": 0.1023039897990177,
          "folds": [
            0.8636363636363636,
            0.9565217391304348,
            0.7727272727272727,
            0.6818181818181818,
            0.8181818181818182
          ]
        },
        "roc_auc": {
          "mean": 0.9150873281308064,
          "std": 0.03175992500773892,
          "folds": [
            0.9141414141414141,
            0.9515050167224081,
            0.9423076923076922,
            0.8828671328671328,
            0.8846153846153846
          ]
        }
      }
    },
    "forest": {
      "best_params": {
        "classifier__class_weight": null,
        "classifier__max_depth": 3,
        "classifier__min_samples_leaf": 2
      },
      "nested_cv": {
        "accuracy": {
          "mean": 0.8307823129251701,
          "std": 0.04142736362078841,
          "folds": [
            0.8163265306122449,
            0.7959183673469388,
            0.875,
            0.7916666666666666,
            0.875
          ]
        },
        "precision": {
          "mean": 0.8257164750957855,
          "std": 0.09342452245239513,
          "folds": [
            0.76,
            0.7241379310344828,
            0.9444444444444444,
            0.8,
            0.9
          ]
        },
        "recall": {
          "mean": 0.8189723320158103,
          "std": 0.07313054116991896,
          "folds": [
            0.8636363636363636,
            0.9130434782608695,
            0.7727272727272727,
            0.7272727272727273,
            0.8181818181818182
          ]
        },
        "roc_auc": {
          "mean": 0.9117631161109422,
          "std": 0.029096857907815438,
          "folds": [
            0.8838383838383839,
            0.9197324414715717,
            0.9562937062937062,
            0.8881118881118881,
            0.9108391608391608
          ]
        }
      }
    }
  },
  "model_sha256": "3e1be067209984ba7a6ad4b8246672221bcaa4bac57c622e97b9cc49daffd0c7",
  "data_sha256": "e81973d3356c231ed8903aab16f5faa72d9679eb8ef6dc98a602b25df3f5d23d",
  "mlflow_run_id": "a633a04607434071b89f51e65bae1f74",
  "python": "3.13.5"
}
[Pipeline] }
[Pipeline] // stage
[Pipeline] stage
[Pipeline] { (API tests and provenance)
[Pipeline] sh
+ .venv/bin/pytest test/test_api.py --junitxml=evidence/api.xml
============================= test session starts ==============================
platform linux -- Python 3.13.5, pytest-8.3.5, pluggy-1.6.0
rootdir: /var/jenkins_home/workspace/heart-mlops
configfile: pyproject.toml
plugins: anyio-4.15.1
collected 10 items

test/test_api.py ..........                                              [100%]

=============================== warnings summary ===============================
.venv/lib/python3.13/site-packages/starlette/testclient.py:37
  /var/jenkins_home/workspace/heart-mlops/.venv/lib/python3.13/site-packages/starlette/testclient.py:37: DeprecationWarning: The anyio.abc.BlockingPortal alias is deprecated, use anyio.from_thread.BlockingPortal instead.
    _PortalFactoryType = typing.Callable[[], typing.ContextManager[anyio.abc.BlockingPortal]]

-- Docs: https://docs.pytest.org/en/stable/how-to/capture-warnings.html
- generated xml file: /var/jenkins_home/workspace/heart-mlops/evidence/api.xml -
======================== 10 passed, 1 warning in 0.55s =========================
+ .venv/bin/python scripts/verify-release.py
{
  "verification": "passed",
  "holdout_rows": 61,
  "model_sha256": "3e1be067209984ba7a6ad4b8246672221bcaa4bac57c622e97b9cc49daffd0c7",
  "recomputed_metrics": {
    "accuracy": 0.8032786885245902,
    "precision": 0.7666666666666667,
    "recall": 0.8214285714285714,
    "f1": 0.7931034482758621,
    "roc_auc": 0.9231601731601732
  }
}
[Pipeline] }
[Pipeline] // stage
[Pipeline] stage
[Pipeline] { (Declarative: Post Actions)
[Pipeline] junit
Recording test results
[Checks API] No suitable checks publisher found.
[Pipeline] archiveArtifacts
Archiving artifacts
[Pipeline] }
[Pipeline] // stage
[Pipeline] }
[Pipeline] // timeout
[Pipeline] }
[Pipeline] // withEnv
[Pipeline] }
[Pipeline] // node
[Pipeline] End of Pipeline
Finished: SUCCESS
