Creating cluster "heart-mlops" ...
 • Ensuring node image (kindest/node:v1.32.2) 🖼️  ...
 ✓ Ensuring node image (kindest/node:v1.32.2) 🖼️
 • Preparing nodes 📦   ...
 ✓ Preparing nodes 📦 
 • Writing configuration 📜  ...
 ✓ Writing configuration 📜
 • Starting control-plane 🕹️  ...
 ✓ Starting control-plane 🕹️
 • Installing CNI 🔌  ...
 ✓ Installing CNI 🔌
 • Installing StorageClass 💾  ...
 ✓ Installing StorageClass 💾
 • Waiting ≤ 3m0s for control-plane = Ready ⏳  ...
 ✓ Waiting ≤ 3m0s for control-plane = Ready ⏳
 • Ready after 17s 💚
Set kubectl context to "kind-heart-mlops"
You can now use your cluster with:

kubectl cluster-info --context kind-heart-mlops

Have a question, bug, or feature request? Let us know! https://kind.sigs.k8s.io/#community 🙂
