Image: "heart-api:local" with ID "sha256:7a21a5300a162a4ff17591cbfd79b8c81b70dbb657be564c5b8a134a5e2af63c" not yet present on node "heart-mlops-control-plane", loading...
namespace/heart-mlops created
deployment.apps/heart-api created
service/heart-api created
ingress.networking.k8s.io/heart-api created
serviceaccount/traefik created
clusterrole.rbac.authorization.k8s.io/heart-traefik created
clusterrolebinding.rbac.authorization.k8s.io/heart-traefik created
ingressclass.networking.k8s.io/traefik created
deployment.apps/traefik created
service/traefik created
Waiting for deployment "heart-api" rollout to finish: 0 of 2 updated replicas are available...
Waiting for deployment "heart-api" rollout to finish: 1 of 2 updated replicas are available...
deployment "heart-api" successfully rolled out
Waiting for deployment "traefik" rollout to finish: 0 of 1 updated replicas are available...
deployment "traefik" successfully rolled out
{"status":"ready","model_version":"074c8b3372d9"}{"prediction":0,"disease_probability":0.432391735603244,"confidence":0.5676082643967559,"model_version":"074c8b3372d9","threshold":0.5}NAME                        READY   UP-TO-DATE   AVAILABLE   AGE
deployment.apps/heart-api   2/2     2            2           9s
deployment.apps/traefik     1/1     1            1           8s

NAME                             READY   STATUS    RESTARTS   AGE
pod/heart-api-85488ddf6d-g5lvr   1/1     Running   0          9s
pod/heart-api-85488ddf6d-kt868   1/1     Running   0          9s
pod/traefik-8684b74f5f-vn2kr     1/1     Running   0          8s

NAME                TYPE        CLUSTER-IP     EXTERNAL-IP   PORT(S)        AGE
service/heart-api   ClusterIP   10.96.119.10   <none>        80/TCP         9s
service/traefik     NodePort    10.96.92.84    <none>        80:30080/TCP   8s

NAME                                  CLASS     HOSTS   ADDRESS   PORTS   AGE
ingress.networking.k8s.io/heart-api   traefik   *                 80      9s
