{
  "selected_family": "logistic",
  "selection": "Highest mean outer nested-CV ROC-AUC on training partition",
  "threshold": 0.5,
  "features": [
    "age",
    "sex",
    "cp",
    "trestbps",
    "chol",
    "fbs",
    "restecg",
    "thalach",
    "exang",
    "oldpeak",
    "slope",
    "ca",
    "thal"
  ],
  "seed": 523,
  "train_rows": 242,
  "test_rows": 61,
  "test_metrics": {
    "accuracy": 0.8032786885245902,
    "precision": 0.7666666666666667,
    "recall": 0.8214285714285714,
    "f1": 0.7931034482758621,
    "roc_auc": 0.9231601731601732
  },
  "test_auc_bootstrap_95_ci": [
    0.8472425997425997,
    0.9774208079046789
  ],
  "models": {
    "logistic": {
      "best_params": {
        "classifier__C": 0.1,
        "classifier__class_weight": null
      },
      "nested_cv": {
        "accuracy": {
          "mean": 0.8512755102040817,
          "std": 0.04475851554999829,
          "folds": [
            0.8163265306122449,
            0.8775510204081632,
            0.8958333333333334,
            0.7916666666666666,
            0.875
          ]
        },
        "precision": {
          "mean": 0.8616296296296296,
          "std": 0.09211342682758274,
          "folds": [
            0.76,
            0.8148148148148148,
            1.0,
            0.8333333333333334,
            0.9
          ]
        },
        "recall": {
          "mean": 0.8185770750988143,
          "std": 0.1023039897990177,
          "folds": [
            0.8636363636363636,
            0.9565217391304348,
            0.7727272727272727,
            0.6818181818181818,
            0.8181818181818182
          ]
        },
        "roc_auc": {
          "mean": 0.9150873281308064,
          "std": 0.03175992500773892,
          "folds": [
            0.9141414141414141,
            0.9515050167224081,
            0.9423076923076922,
            0.8828671328671328,
            0.8846153846153846
          ]
        }
      }
    },
    "forest": {
      "best_params": {
        "classifier__class_weight": null,
        "classifier__max_depth": 3,
        "classifier__min_samples_leaf": 2
      },
      "nested_cv": {
        "accuracy": {
          "mean": 0.8390306122448979,
          "std": 0.03287254835956305,
          "folds": [
            0.8163265306122449,
            0.8163265306122449,
            0.875,
            0.8125,
            0.875
          ]
        },
        "precision": {
          "mean": 0.8393099415204679,
          "std": 0.0851626285478947,
          "folds": [
            0.76,
            0.75,
            0.9444444444444444,
            0.8421052631578947,
            0.9
          ]
        },
        "recall": {
          "mean": 0.8189723320158103,
          "std": 0.07313054116991896,
          "folds": [
            0.8636363636363636,
            0.9130434782608695,
            0.7727272727272727,
            0.7272727272727273,
            0.8181818181818182
          ]
        },
        "roc_auc": {
          "mean": 0.9117653682871074,
          "std": 0.02827591710459177,
          "folds": [
            0.8855218855218856,
            0.9180602006688963,
            0.9562937062937062,
            0.8898601398601399,
            0.9090909090909091
          ]
        }
      }
    }
  },
  "model_sha256": "074c8b3372d9cd85679c93d4ae5b948737e64e315feaba508b56d963496ddd49",
  "data_sha256": "e81973d3356c231ed8903aab16f5faa72d9679eb8ef6dc98a602b25df3f5d23d",
  "mlflow_run_id": "687db1f906644749b541ee8a43a47528",
  "python": "3.13.5"
}
